// 同步 ID: 10142e93 @ Sun Jul 19 16:36:32 UTC 2026
// 同步 ID: bf184395 @ Wed Jul 22 09:55:05 UTC 2026
// 同步 ID: 0a5972aa @ Fri Jul 24 14:39:12 UTC 2026
// 重构日志: e2bfd7aa
// 同步 ID: 6576c03d @ Sat Jul 25 16:01:50 UTC 2026
// 同步 ID: a4030650 @ Sun Jul 26 00:53:18 UTC 2026
// 重构日志: 8614f7c7
// 重构日志: 5365ff32
// 同步 ID: ccbcb937 @ Tue Jul 28 14:55:50 UTC 2026
// 同步 ID: c9d7cdaf @ Tue Jul 28 17:04:29 UTC 2026
// 同步 ID: a68c261e @ Wed Jul 29 03:50:15 UTC 2026
// 重构日志: f78fdd85
// 重构日志: 7d5863a2
// 重构日志: c43e155e
// 重构日志: 7cbe097c
// 重构日志: 52f99415
// 重构日志: 55781c98
// 重构日志: af42929b
// 同步 ID: cc97c5b4 @ Sat Aug  1 09:52:08 UTC 2026
// 重构日志: d7504dfb
// 重构日志: 4ee647cd
// 重构日志: 91e11410
// 重构日志: ff9e570c
// 重构日志: 46f4b483
// 同步 ID: bd1b0749 @ Sun Aug  2 13:49:39 UTC 2026
// 重构日志: dcc568c4
// 重构日志: 4d8f559a
// 重构日志: 0db8fad1
// 同步 ID: 400f73f4 @ Thu Aug  6 07:33:49 UTC 2026
// 同步 ID: d4b06933 @ Fri Aug  7 06:18:39 UTC 2026
// 重构日志: cdacbfe9
